// Jest Snapshot v1, https://goo.gl/fbAQLP

exports[`Calculator Component renders correctly 1`] = `
<div
  class="calculator-container"
>
  <input
    class="input-result"
    readonly=""
    type="text"
    value=""
  />
  <ul
    class="numbers-container"
  >
    <li
      class="list-item"
    >
      <button
        class="number"
        type="button"
      >
        AC
      </button>
    </li>
    <li
      class="list-item"
    >
      <button
        class="number"
        type="button"
      >
        +/-
      </button>
    </li>
    <li
      class="list-item"
    >
      <button
        class="number"
        type="button"
      >
        %
      </button>
    </li>
    <li
      class="list-item"
    >
      <button
        class="number"
        type="button"
      >
        รท
      </button>
    </li>
    <li
      class="list-item"
    >
      <button
        class="number"
        type="button"
      >
        7
      </button>
    </li>
    <li
      class="list-item"
    >
      <button
        class="number"
        type="button"
      >
        8
      </button>
    </li>
    <li
      class="list-item"
    >
      <button
        class="number"
        type="button"
      >
        9
      </button>
    </li>
    <li
      class="list-item"
    >
      <button
        class="number"
        type="button"
      >
        x
      </button>
    </li>
    <li
      class="list-item"
    >
      <button
        class="number"
        type="button"
      >
        4
      </button>
    </li>
    <li
      class="list-item"
    >
      <button
        class="number"
        type="button"
      >
        5
      </button>
    </li>
    <li
      class="list-item"
    >
      <button
        class="number"
        type="button"
      >
        6
      </button>
    </li>
    <li
      class="list-item"
    >
      <button
        class="number"
        type="button"
      >
        -
      </button>
    </li>
    <li
      class="list-item"
    >
      <button
        class="number"
        type="button"
      >
        1
      </button>
    </li>
    <li
      class="list-item"
    >
      <button
        class="number"
        type="button"
      >
        2
      </button>
    </li>
    <li
      class="list-item"
    >
      <button
        class="number"
        type="button"
      >
        3
      </button>
    </li>
    <li
      class="list-item"
    >
      <button
        class="number"
        type="button"
      >
        +
      </button>
    </li>
    <li
      class="list-item"
    >
      <button
        class="number"
        type="button"
      >
        0
      </button>
    </li>
    <li
      class="list-item"
    >
      <button
        class="number"
        type="button"
      >
        .
      </button>
    </li>
    <li
      class="list-item"
    >
      <button
        class="number"
        type="button"
      >
        =
      </button>
    </li>
  </ul>
</div>
`;

exports[`renders correctly 1`] = `
<div
  class="calculator-container"
>
  <input
    class="input-result"
    readonly=""
    type="text"
    value=""
  />
  <ul
    class="numbers-container"
  >
    <li
      class="list-item"
    >
      <button
        class="number"
        type="button"
      >
        AC
      </button>
    </li>
    <li
      class="list-item"
    >
      <button
        class="number"
        type="button"
      >
        +/-
      </button>
    </li>
    <li
      class="list-item"
    >
      <button
        class="number"
        type="button"
      >
        %
      </button>
    </li>
    <li
      class="list-item"
    >
      <button
        class="number"
        type="button"
      >
        รท
      </button>
    </li>
    <li
      class="list-item"
    >
      <button
        class="number"
        type="button"
      >
        7
      </button>
    </li>
    <li
      class="list-item"
    >
      <button
        class="number"
        type="button"
      >
        8
      </button>
    </li>
    <li
      class="list-item"
    >
      <button
        class="number"
        type="button"
      >
        9
      </button>
    </li>
    <li
      class="list-item"
    >
      <button
        class="number"
        type="button"
      >
        x
      </button>
    </li>
    <li
      class="list-item"
    >
      <button
        class="number"
        type="button"
      >
        4
      </button>
    </li>
    <li
      class="list-item"
    >
      <button
        class="number"
        type="button"
      >
        5
      </button>
    </li>
    <li
      class="list-item"
    >
      <button
        class="number"
        type="button"
      >
        6
      </button>
    </li>
    <li
      class="list-item"
    >
      <button
        class="number"
        type="button"
      >
        -
      </button>
    </li>
    <li
      class="list-item"
    >
      <button
        class="number"
        type="button"
      >
        1
      </button>
    </li>
    <li
      class="list-item"
    >
      <button
        class="number"
        type="button"
      >
        2
      </button>
    </li>
    <li
      class="list-item"
    >
      <button
        class="number"
        type="button"
      >
        3
      </button>
    </li>
    <li
      class="list-item"
    >
      <button
        class="number"
        type="button"
      >
        +
      </button>
    </li>
    <li
      class="list-item"
    >
      <button
        class="number"
        type="button"
      >
        0
      </button>
    </li>
    <li
      class="list-item"
    >
      <button
        class="number"
        type="button"
      >
        .
      </button>
    </li>
    <li
      class="list-item"
    >
      <button
        class="number"
        type="button"
      >
        =
      </button>
    </li>
  </ul>
</div>
`;
